// Jest Snapshot v1, https://goo.gl/fbAQLP

exports[`should render correctly with no props 1`] = `
ShallowWrapper {
  Symbol(enzyme.__root__): [Circular],
  Symbol(enzyme.__unrendered__): <HomeScreen />,
  Symbol(enzyme.__renderer__): Object {
    "batchedUpdates": [Function],
    "checkPropTypes": [Function],
    "getNode": [Function],
    "render": [Function],
    "simulateError": [Function],
    "simulateEvent": [Function],
    "unmount": [Function],
  },
  Symbol(enzyme.__node__): Object {
    "instance": null,
    "key": undefined,
    "nodeType": "function",
    "props": Object {
      "children": Array [
        <ForwardRef>
          Home
        </ForwardRef>,
        <p>
          Maecenas lacinia efficitur ante eget facilisis. Maecenas sed varius quam, eget cursus nisi. In sit amet auctor dui, id iaculis elit. Nunc placerat odio ut suscipit lobortis. Nam rutrum mattis eros, a mollis odio egestas ut. Ut tempus eros at ex ullamcorper dapibus. Nunc sed consequat urna. Aliquam enim dolor, vehicula nec diam eget, ornare tincidunt nunc. Nam tempor venenatis tellus id tristique. Sed laoreet diam et molestie venenatis. Integer posuere, ligula et iaculis malesuada, diam nulla pellentesque lorem, non vestibulum purus ligula non felis. In hac habitasse platea dictumst. Cras interdum tempor ultrices. Mauris in tempor nunc. Duis lacinia nunc non nibh porta, eget vulputate purus sagittis. Quisque ultricies pulvinar turpis at dignissim. In volutpat massa at leo maximus, a suscipit ex faucibus. Nullam eu ante in sem lacinia faucibus. Sed non eros eu enim lobortis laoreet.
        </p>,
      ],
    },
    "ref": null,
    "rendered": Array [
      Object {
        "instance": null,
        "key": undefined,
        "nodeType": "function",
        "props": Object {
          "children": "Home",
        },
        "ref": null,
        "rendered": "Home",
        "type": Object {
          "$$typeof": Symbol(react.forward_ref),
          "attrs": Array [],
          "componentStyle": ComponentStyle {
            "componentId": "sc-bwzfXH",
            "isStatic": true,
            "rules": Array [
              "
  color: ",
              "#333333",
              ";
  font-size: ",
              "32",
              "px;
",
            ],
          },
          "displayName": "styled.h1",
          "foldedComponentIds": Array [],
          "render": [Function],
          "styledComponentId": "sc-bwzfXH",
          "target": "h1",
          "toString": [Function],
          "warnTooManyClasses": [Function],
          "withComponent": [Function],
        },
      },
      Object {
        "instance": null,
        "key": undefined,
        "nodeType": "host",
        "props": Object {
          "children": "Maecenas lacinia efficitur ante eget facilisis. Maecenas sed varius quam, eget cursus nisi. In sit amet auctor dui, id iaculis elit. Nunc placerat odio ut suscipit lobortis. Nam rutrum mattis eros, a mollis odio egestas ut. Ut tempus eros at ex ullamcorper dapibus. Nunc sed consequat urna. Aliquam enim dolor, vehicula nec diam eget, ornare tincidunt nunc. Nam tempor venenatis tellus id tristique. Sed laoreet diam et molestie venenatis. Integer posuere, ligula et iaculis malesuada, diam nulla pellentesque lorem, non vestibulum purus ligula non felis. In hac habitasse platea dictumst. Cras interdum tempor ultrices. Mauris in tempor nunc. Duis lacinia nunc non nibh porta, eget vulputate purus sagittis. Quisque ultricies pulvinar turpis at dignissim. In volutpat massa at leo maximus, a suscipit ex faucibus. Nullam eu ante in sem lacinia faucibus. Sed non eros eu enim lobortis laoreet.",
        },
        "ref": null,
        "rendered": "Maecenas lacinia efficitur ante eget facilisis. Maecenas sed varius quam, eget cursus nisi. In sit amet auctor dui, id iaculis elit. Nunc placerat odio ut suscipit lobortis. Nam rutrum mattis eros, a mollis odio egestas ut. Ut tempus eros at ex ullamcorper dapibus. Nunc sed consequat urna. Aliquam enim dolor, vehicula nec diam eget, ornare tincidunt nunc. Nam tempor venenatis tellus id tristique. Sed laoreet diam et molestie venenatis. Integer posuere, ligula et iaculis malesuada, diam nulla pellentesque lorem, non vestibulum purus ligula non felis. In hac habitasse platea dictumst. Cras interdum tempor ultrices. Mauris in tempor nunc. Duis lacinia nunc non nibh porta, eget vulputate purus sagittis. Quisque ultricies pulvinar turpis at dignissim. In volutpat massa at leo maximus, a suscipit ex faucibus. Nullam eu ante in sem lacinia faucibus. Sed non eros eu enim lobortis laoreet.",
        "type": "p",
      },
    ],
    "type": Object {
      "$$typeof": Symbol(react.forward_ref),
      "attrs": Array [],
      "componentStyle": ComponentStyle {
        "componentId": "sc-bdVaJa",
        "isStatic": true,
        "rules": Array [
          "
  /* margin: auto; */
  margin-left: auto;
  margin-right: auto;
  margin-bottom: 0px;
  padding: ",
          "14",
          "px;
  min-height: calc(100vh - 225px);
  /* text-align: center; */

  @media ",
          "(min-width: 1024px)",
          " {  
    max-width: 1024px;
  }

  @media ",
          "(min-width: 2560px)",
          " {
    max-width: 1400px;
  }
",
        ],
      },
      "displayName": "styled.div",
      "foldedComponentIds": Array [],
      "render": [Function],
      "styledComponentId": "sc-bdVaJa",
      "target": "div",
      "toString": [Function],
      "warnTooManyClasses": [Function],
      "withComponent": [Function],
    },
  },
  Symbol(enzyme.__nodes__): Array [
    Object {
      "instance": null,
      "key": undefined,
      "nodeType": "function",
      "props": Object {
        "children": Array [
          <ForwardRef>
            Home
          </ForwardRef>,
          <p>
            Maecenas lacinia efficitur ante eget facilisis. Maecenas sed varius quam, eget cursus nisi. In sit amet auctor dui, id iaculis elit. Nunc placerat odio ut suscipit lobortis. Nam rutrum mattis eros, a mollis odio egestas ut. Ut tempus eros at ex ullamcorper dapibus. Nunc sed consequat urna. Aliquam enim dolor, vehicula nec diam eget, ornare tincidunt nunc. Nam tempor venenatis tellus id tristique. Sed laoreet diam et molestie venenatis. Integer posuere, ligula et iaculis malesuada, diam nulla pellentesque lorem, non vestibulum purus ligula non felis. In hac habitasse platea dictumst. Cras interdum tempor ultrices. Mauris in tempor nunc. Duis lacinia nunc non nibh porta, eget vulputate purus sagittis. Quisque ultricies pulvinar turpis at dignissim. In volutpat massa at leo maximus, a suscipit ex faucibus. Nullam eu ante in sem lacinia faucibus. Sed non eros eu enim lobortis laoreet.
          </p>,
        ],
      },
      "ref": null,
      "rendered": Array [
        Object {
          "instance": null,
          "key": undefined,
          "nodeType": "function",
          "props": Object {
            "children": "Home",
          },
          "ref": null,
          "rendered": "Home",
          "type": Object {
            "$$typeof": Symbol(react.forward_ref),
            "attrs": Array [],
            "componentStyle": ComponentStyle {
              "componentId": "sc-bwzfXH",
              "isStatic": true,
              "rules": Array [
                "
  color: ",
                "#333333",
                ";
  font-size: ",
                "32",
                "px;
",
              ],
            },
            "displayName": "styled.h1",
            "foldedComponentIds": Array [],
            "render": [Function],
            "styledComponentId": "sc-bwzfXH",
            "target": "h1",
            "toString": [Function],
            "warnTooManyClasses": [Function],
            "withComponent": [Function],
          },
        },
        Object {
          "instance": null,
          "key": undefined,
          "nodeType": "host",
          "props": Object {
            "children": "Maecenas lacinia efficitur ante eget facilisis. Maecenas sed varius quam, eget cursus nisi. In sit amet auctor dui, id iaculis elit. Nunc placerat odio ut suscipit lobortis. Nam rutrum mattis eros, a mollis odio egestas ut. Ut tempus eros at ex ullamcorper dapibus. Nunc sed consequat urna. Aliquam enim dolor, vehicula nec diam eget, ornare tincidunt nunc. Nam tempor venenatis tellus id tristique. Sed laoreet diam et molestie venenatis. Integer posuere, ligula et iaculis malesuada, diam nulla pellentesque lorem, non vestibulum purus ligula non felis. In hac habitasse platea dictumst. Cras interdum tempor ultrices. Mauris in tempor nunc. Duis lacinia nunc non nibh porta, eget vulputate purus sagittis. Quisque ultricies pulvinar turpis at dignissim. In volutpat massa at leo maximus, a suscipit ex faucibus. Nullam eu ante in sem lacinia faucibus. Sed non eros eu enim lobortis laoreet.",
          },
          "ref": null,
          "rendered": "Maecenas lacinia efficitur ante eget facilisis. Maecenas sed varius quam, eget cursus nisi. In sit amet auctor dui, id iaculis elit. Nunc placerat odio ut suscipit lobortis. Nam rutrum mattis eros, a mollis odio egestas ut. Ut tempus eros at ex ullamcorper dapibus. Nunc sed consequat urna. Aliquam enim dolor, vehicula nec diam eget, ornare tincidunt nunc. Nam tempor venenatis tellus id tristique. Sed laoreet diam et molestie venenatis. Integer posuere, ligula et iaculis malesuada, diam nulla pellentesque lorem, non vestibulum purus ligula non felis. In hac habitasse platea dictumst. Cras interdum tempor ultrices. Mauris in tempor nunc. Duis lacinia nunc non nibh porta, eget vulputate purus sagittis. Quisque ultricies pulvinar turpis at dignissim. In volutpat massa at leo maximus, a suscipit ex faucibus. Nullam eu ante in sem lacinia faucibus. Sed non eros eu enim lobortis laoreet.",
          "type": "p",
        },
      ],
      "type": Object {
        "$$typeof": Symbol(react.forward_ref),
        "attrs": Array [],
        "componentStyle": ComponentStyle {
          "componentId": "sc-bdVaJa",
          "isStatic": true,
          "rules": Array [
            "
  /* margin: auto; */
  margin-left: auto;
  margin-right: auto;
  margin-bottom: 0px;
  padding: ",
            "14",
            "px;
  min-height: calc(100vh - 225px);
  /* text-align: center; */

  @media ",
            "(min-width: 1024px)",
            " {  
    max-width: 1024px;
  }

  @media ",
            "(min-width: 2560px)",
            " {
    max-width: 1400px;
  }
",
          ],
        },
        "displayName": "styled.div",
        "foldedComponentIds": Array [],
        "render": [Function],
        "styledComponentId": "sc-bdVaJa",
        "target": "div",
        "toString": [Function],
        "warnTooManyClasses": [Function],
        "withComponent": [Function],
      },
    },
  ],
  Symbol(enzyme.__options__): Object {
    "adapter": ReactSixteenAdapter {
      "options": Object {
        "enableComponentDidUpdateOnSetState": true,
        "legacyContextMode": "parent",
        "lifecycles": Object {
          "componentDidUpdate": Object {
            "onSetState": true,
          },
          "getChildContext": Object {
            "calledByRenderer": false,
          },
          "getDerivedStateFromProps": true,
          "getSnapshotBeforeUpdate": true,
          "setState": Object {
            "skipsComponentDidUpdateOnNullish": true,
          },
        },
      },
    },
  },
  Symbol(enzyme.__childContext__): null,
}
`;
